Using Professor ID: 2
1. Testing Groups List (mine)...
php : PHP Warning:  
Undefined array key 
"REQUEST_URI" in C:\xa
mpp\htdocs\PWBII\Contr
ol-Escolar-ITSUR\src\V
iews\layout.php on 
line 74
En línea: 1 Carácter: 
1
+ php scripts/test_pro
fessor_flow.php > 
test_output.txt 2>&1
+ ~~~~~~~~~~~~~~~~~~~~
~~~~~~~~~~~~~~~~~~~~~~
~~~~~~~~~~~~~~~~
    + CategoryInfo    
          : NotSpeci  
  fied: (PHP Warnin   
 g:  U....php on l    
ine 74:String) []    
, RemoteException
    + FullyQualifiedE 
   rrorId : NativeCo  
  mmandError
 
SUCCESS: Groups view loaded.
2. Testing Grading...
Found Group ID: 797
Grading Student ID: 1 in Group ID: 797
PHP Warning:  
http_response_code(): 
Cannot set response 
code - headers 
already sent (output 
started at C:\xampp\ht
docs\PWBII\Control-Esc
olar-ITSUR\scripts\tes
t_professor_flow.php:2
9) in C:\xampp\htdocs\
PWBII\Control-Escolar-
ITSUR\src\Controllers\
GradesController.php 
on line 190
PHP Warning:  Cannot 
modify header 
information - headers 
already sent by 
(output started at C:\
xampp\htdocs\PWBII\Con
trol-Escolar-ITSUR\scr
ipts\test_professor_fl
ow.php:29) in C:\xampp
\htdocs\PWBII\Control-
Escolar-ITSUR\src\Cont
rollers\GradesControll
er.php on line 193
FAILURE: Grade not recorded. Got: '87.00'
ENDING TEST.
